// Jest Snapshot v1, https://goo.gl/fbAQLP

exports[`jest.test.js has the expected html structure 1`] = `
<div>
  <ul>
    <li>
      
      cat
   
    </li>
  </ul>
</div>
`;
